// Jest Snapshot v1, https://goo.gl/fbAQLP

exports[`NewCardForm see if NewCardForm works without any props 1`] = `
<section>
  <form
    onSubmit={[Function]}
  >
    <div>
      <label
        htmlFor="text"
      >
        Text: 
      </label>
      <input
        name="text"
        onChange={[Function]}
        type="text"
        value=""
      />
    </div>
    <div>
      <label
        htmlFor="emoji"
      >
        Emoji: 
      </label>
      <input
        name="emoji"
        onChange={[Function]}
        type="text"
        value=""
      />
    </div>
    <input
      type="submit"
      value="Add Card"
    />
  </form>
</section>
`;
